// Jest Snapshot v1, https://goo.gl/fbAQLP

exports[`Travel History should display a table  1`] = `<div />`;
